// Jest Snapshot v1, https://goo.gl/fbAQLP

exports[`Root module \`index.html\` should be correct 1`] = `
"<!DOCTYPE html>
<html class=\\"default\\">

<head>
	<meta charSet=\\"utf-8\\" />
	<meta http-equiv=\\"x-ua-compatible\\" content=\\"IE=edge\\" />
	<title>@example/my-packages</title>
	<meta name=\\"description\\" content=\\"Documentation for @example/my-packages\\" />
	<meta name=\\"viewport\\" content=\\"width=device-width, initial-scale=1\\" />
	<link rel=\\"stylesheet\\" href=\\"assets/style.css\\" />
	<link rel=\\"stylesheet\\" href=\\"assets/highlight.css\\" />
	<script async src=\\"assets/search.js\\" id=\\"search-script\\"></script>
</head>

<body>
	<script>
		document.body.classList.add(localStorage.getItem(\\"tsd-theme\\") || \\"os\\")
	</script>
	<header>
		<div class=\\"tsd-page-toolbar\\">
			<div class=\\"container\\">
				<div class=\\"table-wrap\\">
					<div class=\\"table-cell\\" id=\\"tsd-search\\" data-base=\\".\\">
						<div class=\\"field\\"><label for=\\"tsd-search-field\\" class=\\"tsd-widget search no-caption\\">Search</label><input type=\\"text\\" id=\\"tsd-search-field\\" /></div>
						<ul class=\\"results\\">
							<li class=\\"state loading\\">Preparing search index...</li>
							<li class=\\"state failure\\">The search index is not available</li>
						</ul><a href=\\"index.html\\" class=\\"title\\">@example/my-packages</a>
					</div>
					<div class=\\"table-cell\\" id=\\"tsd-widgets\\">
						<div id=\\"tsd-filter\\"><a href=\\"#\\" class=\\"tsd-widget options no-caption\\" data-toggle=\\"options\\">Options</a>
							<div class=\\"tsd-filter-group\\">
								<div class=\\"tsd-select\\" id=\\"tsd-filter-visibility\\"><span class=\\"tsd-select-label\\">All</span>
									<ul class=\\"tsd-select-list\\">
										<li data-value=\\"public\\">Public</li>
										<li data-value=\\"protected\\">Public/Protected</li>
										<li data-value=\\"private\\" class=\\"selected\\">All</li>
									</ul>
								</div> <input type=\\"checkbox\\" id=\\"tsd-filter-inherited\\" checked /><label class=\\"tsd-widget\\" for=\\"tsd-filter-inherited\\">Inherited</label><input type=\\"checkbox\\" id=\\"tsd-filter-externals\\" checked /><label class=\\"tsd-widget\\" for=\\"tsd-filter-externals\\">Externals</label>
							</div>
						</div><a href=\\"#\\" class=\\"tsd-widget menu no-caption\\" data-toggle=\\"menu\\">Menu</a>
					</div>
				</div>
			</div>
		</div>
		<div class=\\"tsd-page-title\\">
			<div class=\\"container\\">
				<h1> @example/my-packages </h1>
			</div>
		</div>
	</header>
	<div class=\\"container container-main\\">
		<div class=\\"row\\">
			<div class=\\"col-8 col-content\\">
				<div class=\\"tsd-panel tsd-typography\\">
					<a href=\\"#root-readme\\" id=\\"root-readme\\" style=\\"color: inherit; text-decoration: none;\\">
						<h1>Root readme</h1>
					</a>
				</div>
			</div>
			<div class=\\"col-4 col-menu menu-sticky-wrap menu-highlight\\">
				<nav class=\\"tsd-navigation primary\\">
					<ul>
						<li class=\\"current\\"><a href=\\"modules.html\\">Modules</a></li>
						<li class=\\" tsd-kind-module\\"><a href=\\"modules/_example_package_a.html\\">@example/package-<wbr />a</a></li>
						<li class=\\" tsd-kind-module\\"><a href=\\"modules/_example_package_b.html\\">@example/package-<wbr />b</a></li>
					</ul>
				</nav>
			</div>
		</div>
	</div>
	<footer class=\\"with-border-bottom\\">
		<div class=\\"container\\">
			<h2>Legend</h2>
			<div class=\\"tsd-legend-group\\">
				<ul class=\\"tsd-legend\\">
					<li class=\\"tsd-kind-variable\\"><span class=\\"tsd-kind-icon\\">Variable</span></li>
				</ul>
			</div>
			<h2>Settings</h2>
			<p>Theme <select id=\\"theme\\">
					<option value=\\"os\\">OS</option>
					<option value=\\"light\\">Light</option>
					<option value=\\"dark\\">Dark</option>
				</select></p>
		</div>
	</footer>
	<div class=\\"container tsd-generator\\">
		<p>Generated using <a href=\\"https://typedoc.org/\\" target=\\"_blank\\">TypeDoc</a></p>
	</div>
	<div class=\\"overlay\\"></div>
	<script src=\\"assets/main.js\\"></script>
</body>

</html>"
`;

exports[`packages/a module \`modules/_example_package_a.html\` should be correct 1`] = `
"<!DOCTYPE html>
<html class=\\"default\\">

<head>
	<meta charSet=\\"utf-8\\" />
	<meta http-equiv=\\"x-ua-compatible\\" content=\\"IE=edge\\" />
	<title>@example/package-a | @example/my-packages</title>
	<meta name=\\"description\\" content=\\"Documentation for @example/my-packages\\" />
	<meta name=\\"viewport\\" content=\\"width=device-width, initial-scale=1\\" />
	<link rel=\\"stylesheet\\" href=\\"../assets/style.css\\" />
	<link rel=\\"stylesheet\\" href=\\"../assets/highlight.css\\" />
	<script async src=\\"../assets/search.js\\" id=\\"search-script\\"></script>
</head>

<body>
	<script>
		document.body.classList.add(localStorage.getItem(\\"tsd-theme\\") || \\"os\\")
	</script>
	<header>
		<div class=\\"tsd-page-toolbar\\">
			<div class=\\"container\\">
				<div class=\\"table-wrap\\">
					<div class=\\"table-cell\\" id=\\"tsd-search\\" data-base=\\"..\\">
						<div class=\\"field\\"><label for=\\"tsd-search-field\\" class=\\"tsd-widget search no-caption\\">Search</label><input type=\\"text\\" id=\\"tsd-search-field\\" /></div>
						<ul class=\\"results\\">
							<li class=\\"state loading\\">Preparing search index...</li>
							<li class=\\"state failure\\">The search index is not available</li>
						</ul><a href=\\"../index.html\\" class=\\"title\\">@example/my-packages</a>
					</div>
					<div class=\\"table-cell\\" id=\\"tsd-widgets\\">
						<div id=\\"tsd-filter\\"><a href=\\"#\\" class=\\"tsd-widget options no-caption\\" data-toggle=\\"options\\">Options</a>
							<div class=\\"tsd-filter-group\\">
								<div class=\\"tsd-select\\" id=\\"tsd-filter-visibility\\"><span class=\\"tsd-select-label\\">All</span>
									<ul class=\\"tsd-select-list\\">
										<li data-value=\\"public\\">Public</li>
										<li data-value=\\"protected\\">Public/Protected</li>
										<li data-value=\\"private\\" class=\\"selected\\">All</li>
									</ul>
								</div> <input type=\\"checkbox\\" id=\\"tsd-filter-inherited\\" checked /><label class=\\"tsd-widget\\" for=\\"tsd-filter-inherited\\">Inherited</label><input type=\\"checkbox\\" id=\\"tsd-filter-externals\\" checked /><label class=\\"tsd-widget\\" for=\\"tsd-filter-externals\\">Externals</label>
							</div>
						</div><a href=\\"#\\" class=\\"tsd-widget menu no-caption\\" data-toggle=\\"menu\\">Menu</a>
					</div>
				</div>
			</div>
		</div>
		<div class=\\"tsd-page-title\\">
			<div class=\\"container\\">
				<ul class=\\"tsd-breadcrumb\\">
					<li><a href=\\"../modules.html\\">@example/my-packages</a></li>
					<li><a href=\\"_example_package_a.html\\">@example/package-a</a></li>
				</ul>
				<h1>Module @example/package-a </h1>
			</div>
		</div>
	</header>
	<div class=\\"container container-main\\">
		<div class=\\"row\\">
			<div class=\\"col-8 col-content\\">
				<div class=\\"tsd-panel tsd-typography\\">
					<a href=\\"#readme-of-a\\" id=\\"readme-of-a\\" style=\\"color: inherit; text-decoration: none;\\">
						<h1>Readme of A</h1>
					</a>
				</div>
				<hr />
				<section class=\\"tsd-panel-group tsd-index-group\\">
					<h2>Index</h2>
					<section class=\\"tsd-panel tsd-index-panel\\">
						<div class=\\"tsd-index-content\\">
							<section class=\\"tsd-index-section \\">
								<h3>Variables</h3>
								<ul class=\\"tsd-index-list\\">
									<li class=\\"tsd-kind-variable tsd-parent-kind-module\\"><a href=\\"_example_package_a.html#A\\" class=\\"tsd-kind-icon\\">A</a></li>
								</ul>
							</section>
						</div>
					</section>
				</section>
				<section class=\\"tsd-panel-group tsd-member-group \\">
					<h2>Variables</h2>
					<section class=\\"tsd-panel tsd-member tsd-kind-variable tsd-parent-kind-module\\"><a id=\\"A\\" class=\\"tsd-anchor\\"></a>
						<h3 class=\\"tsd-anchor-link\\"><span class=\\"tsd-flag ts-flagConst\\">Const</span> A<a href=\\"#A\\" aria-label=\\"Permalink\\" class=\\"tsd-anchor-icon\\"><svg xmlns=\\"http://www.w3.org/2000/svg\\" class=\\"icon icon-tabler icon-tabler-link\\" viewBox=\\"0 0 24 24\\" stroke-width=\\"2\\" stroke=\\"currentColor\\" fill=\\"none\\" stroke-linecap=\\"round\\" stroke-linejoin=\\"round\\">
									<path stroke=\\"none\\" d=\\"M0 0h24v24H0z\\" fill=\\"none\\"></path>
									<path d=\\"M10 14a3.5 3.5 0 0 0 5 0l4 -4a3.5 3.5 0 0 0 -5 -5l-.5 .5\\"></path>
									<path d=\\"M14 10a3.5 3.5 0 0 0 -5 0l-4 4a3.5 3.5 0 0 0 5 5l.5 -.5\\"></path>
								</svg></a></h3>
						<div class=\\"tsd-signature tsd-kind-icon\\">A<span class=\\"tsd-signature-symbol\\">:</span> <span class=\\"tsd-signature-type\\">&quot;a&quot;</span><span class=\\"tsd-signature-symbol\\"> = &#39;a&#39;</span></div>
						<aside class=\\"tsd-sources\\">
							<ul>
								<li>Defined in a/index.ts:1</li>
							</ul>
						</aside>
					</section>
				</section>
			</div>
			<div class=\\"col-4 col-menu menu-sticky-wrap menu-highlight\\">
				<nav class=\\"tsd-navigation primary\\">
					<ul>
						<li class=\\"\\"><a href=\\"../modules.html\\">Modules</a></li>
						<li class=\\"current tsd-kind-module\\"><a href=\\"_example_package_a.html\\">@example/package-<wbr />a</a></li>
						<li class=\\" tsd-kind-module\\"><a href=\\"_example_package_b.html\\">@example/package-<wbr />b</a></li>
					</ul>
				</nav>
				<nav class=\\"tsd-navigation secondary menu-sticky\\">
					<ul>
						<li class=\\"tsd-kind-variable tsd-parent-kind-module\\"><a href=\\"_example_package_a.html#A\\" class=\\"tsd-kind-icon\\">A</a></li>
					</ul>
				</nav>
			</div>
		</div>
	</div>
	<footer class=\\"with-border-bottom\\">
		<div class=\\"container\\">
			<h2>Legend</h2>
			<div class=\\"tsd-legend-group\\">
				<ul class=\\"tsd-legend\\">
					<li class=\\"tsd-kind-variable\\"><span class=\\"tsd-kind-icon\\">Variable</span></li>
				</ul>
			</div>
			<h2>Settings</h2>
			<p>Theme <select id=\\"theme\\">
					<option value=\\"os\\">OS</option>
					<option value=\\"light\\">Light</option>
					<option value=\\"dark\\">Dark</option>
				</select></p>
		</div>
	</footer>
	<div class=\\"container tsd-generator\\">
		<p>Generated using <a href=\\"https://typedoc.org/\\" target=\\"_blank\\">TypeDoc</a></p>
	</div>
	<div class=\\"overlay\\"></div>
	<script src=\\"../assets/main.js\\"></script>
</body>

</html>"
`;

exports[`packages/b module \`modules/_example_package_b.html\` should be correct 1`] = `
"<!DOCTYPE html>
<html class=\\"default\\">

<head>
	<meta charSet=\\"utf-8\\" />
	<meta http-equiv=\\"x-ua-compatible\\" content=\\"IE=edge\\" />
	<title>@example/package-b | @example/my-packages</title>
	<meta name=\\"description\\" content=\\"Documentation for @example/my-packages\\" />
	<meta name=\\"viewport\\" content=\\"width=device-width, initial-scale=1\\" />
	<link rel=\\"stylesheet\\" href=\\"../assets/style.css\\" />
	<link rel=\\"stylesheet\\" href=\\"../assets/highlight.css\\" />
	<script async src=\\"../assets/search.js\\" id=\\"search-script\\"></script>
</head>

<body>
	<script>
		document.body.classList.add(localStorage.getItem(\\"tsd-theme\\") || \\"os\\")
	</script>
	<header>
		<div class=\\"tsd-page-toolbar\\">
			<div class=\\"container\\">
				<div class=\\"table-wrap\\">
					<div class=\\"table-cell\\" id=\\"tsd-search\\" data-base=\\"..\\">
						<div class=\\"field\\"><label for=\\"tsd-search-field\\" class=\\"tsd-widget search no-caption\\">Search</label><input type=\\"text\\" id=\\"tsd-search-field\\" /></div>
						<ul class=\\"results\\">
							<li class=\\"state loading\\">Preparing search index...</li>
							<li class=\\"state failure\\">The search index is not available</li>
						</ul><a href=\\"../index.html\\" class=\\"title\\">@example/my-packages</a>
					</div>
					<div class=\\"table-cell\\" id=\\"tsd-widgets\\">
						<div id=\\"tsd-filter\\"><a href=\\"#\\" class=\\"tsd-widget options no-caption\\" data-toggle=\\"options\\">Options</a>
							<div class=\\"tsd-filter-group\\">
								<div class=\\"tsd-select\\" id=\\"tsd-filter-visibility\\"><span class=\\"tsd-select-label\\">All</span>
									<ul class=\\"tsd-select-list\\">
										<li data-value=\\"public\\">Public</li>
										<li data-value=\\"protected\\">Public/Protected</li>
										<li data-value=\\"private\\" class=\\"selected\\">All</li>
									</ul>
								</div> <input type=\\"checkbox\\" id=\\"tsd-filter-inherited\\" checked /><label class=\\"tsd-widget\\" for=\\"tsd-filter-inherited\\">Inherited</label><input type=\\"checkbox\\" id=\\"tsd-filter-externals\\" checked /><label class=\\"tsd-widget\\" for=\\"tsd-filter-externals\\">Externals</label>
							</div>
						</div><a href=\\"#\\" class=\\"tsd-widget menu no-caption\\" data-toggle=\\"menu\\">Menu</a>
					</div>
				</div>
			</div>
		</div>
		<div class=\\"tsd-page-title\\">
			<div class=\\"container\\">
				<ul class=\\"tsd-breadcrumb\\">
					<li><a href=\\"../modules.html\\">@example/my-packages</a></li>
					<li><a href=\\"_example_package_b.html\\">@example/package-b</a></li>
				</ul>
				<h1>Module @example/package-b </h1>
			</div>
		</div>
	</header>
	<div class=\\"container container-main\\">
		<div class=\\"row\\">
			<div class=\\"col-8 col-content\\">
				<div class=\\"tsd-panel tsd-typography\\">
					<a href=\\"#readme-of-b\\" id=\\"readme-of-b\\" style=\\"color: inherit; text-decoration: none;\\">
						<h1>Readme of B</h1>
					</a>
				</div>
				<hr />
				<section class=\\"tsd-panel-group tsd-index-group\\">
					<h2>Index</h2>
					<section class=\\"tsd-panel tsd-index-panel\\">
						<div class=\\"tsd-index-content\\">
							<section class=\\"tsd-index-section \\">
								<h3>Variables</h3>
								<ul class=\\"tsd-index-list\\">
									<li class=\\"tsd-kind-variable tsd-parent-kind-module\\"><a href=\\"_example_package_b.html#B\\" class=\\"tsd-kind-icon\\">B</a></li>
								</ul>
							</section>
						</div>
					</section>
				</section>
				<section class=\\"tsd-panel-group tsd-member-group \\">
					<h2>Variables</h2>
					<section class=\\"tsd-panel tsd-member tsd-kind-variable tsd-parent-kind-module\\"><a id=\\"B\\" class=\\"tsd-anchor\\"></a>
						<h3 class=\\"tsd-anchor-link\\"><span class=\\"tsd-flag ts-flagConst\\">Const</span> B<a href=\\"#B\\" aria-label=\\"Permalink\\" class=\\"tsd-anchor-icon\\"><svg xmlns=\\"http://www.w3.org/2000/svg\\" class=\\"icon icon-tabler icon-tabler-link\\" viewBox=\\"0 0 24 24\\" stroke-width=\\"2\\" stroke=\\"currentColor\\" fill=\\"none\\" stroke-linecap=\\"round\\" stroke-linejoin=\\"round\\">
									<path stroke=\\"none\\" d=\\"M0 0h24v24H0z\\" fill=\\"none\\"></path>
									<path d=\\"M10 14a3.5 3.5 0 0 0 5 0l4 -4a3.5 3.5 0 0 0 -5 -5l-.5 .5\\"></path>
									<path d=\\"M14 10a3.5 3.5 0 0 0 -5 0l-4 4a3.5 3.5 0 0 0 5 5l.5 -.5\\"></path>
								</svg></a></h3>
						<div class=\\"tsd-signature tsd-kind-icon\\">B<span class=\\"tsd-signature-symbol\\">:</span> <span class=\\"tsd-signature-type\\">&quot;b&quot;</span><span class=\\"tsd-signature-symbol\\"> = &#39;b&#39;</span></div>
						<aside class=\\"tsd-sources\\">
							<ul>
								<li>Defined in b/index.ts:1</li>
							</ul>
						</aside>
					</section>
				</section>
			</div>
			<div class=\\"col-4 col-menu menu-sticky-wrap menu-highlight\\">
				<nav class=\\"tsd-navigation primary\\">
					<ul>
						<li class=\\"\\"><a href=\\"../modules.html\\">Modules</a></li>
						<li class=\\" tsd-kind-module\\"><a href=\\"_example_package_a.html\\">@example/package-<wbr />a</a></li>
						<li class=\\"current tsd-kind-module\\"><a href=\\"_example_package_b.html\\">@example/package-<wbr />b</a></li>
					</ul>
				</nav>
				<nav class=\\"tsd-navigation secondary menu-sticky\\">
					<ul>
						<li class=\\"tsd-kind-variable tsd-parent-kind-module\\"><a href=\\"_example_package_b.html#B\\" class=\\"tsd-kind-icon\\">B</a></li>
					</ul>
				</nav>
			</div>
		</div>
	</div>
	<footer class=\\"with-border-bottom\\">
		<div class=\\"container\\">
			<h2>Legend</h2>
			<div class=\\"tsd-legend-group\\">
				<ul class=\\"tsd-legend\\">
					<li class=\\"tsd-kind-variable\\"><span class=\\"tsd-kind-icon\\">Variable</span></li>
				</ul>
			</div>
			<h2>Settings</h2>
			<p>Theme <select id=\\"theme\\">
					<option value=\\"os\\">OS</option>
					<option value=\\"light\\">Light</option>
					<option value=\\"dark\\">Dark</option>
				</select></p>
		</div>
	</footer>
	<div class=\\"container tsd-generator\\">
		<p>Generated using <a href=\\"https://typedoc.org/\\" target=\\"_blank\\">TypeDoc</a></p>
	</div>
	<div class=\\"overlay\\"></div>
	<script src=\\"../assets/main.js\\"></script>
</body>

</html>"
`;
